---
source: examples/axum-example/tests/integration_test.rs
expression: "std::fs::read_to_string(\"openapi.json\").unwrap()"
---
{
  "openapi": "3.1.0",
  "info": {
    "title": "API",
    "version": "0.1.0"
  },
  "servers": [
    {
      "url": "http://localhost:3000"
    }
  ],
  "paths": {
    "/": {
      "get": {
        "operationId": "root_endpoint",
        "description": "Health check endpoint",
        "responses": {
          "200": {
            "description": "Successful response",
            "content": {
              "application/json": {
                "schema": {
                  "type": "string"
                }
              }
            }
          }
        }
      }
    },
    "/complex-struct-body": {
      "post": {
        "operationId": "mod_file_with_complex_struct_body",
        "requestBody": {
          "required": true,
          "content": {
            "application/json": {
              "schema": {
                "$ref": "#/components/schemas/ComplexStructBody"
              }
            }
          }
        },
        "responses": {
          "200": {
            "description": "Successful response",
            "content": {
              "application/json": {
                "schema": {
                  "type": "string"
                }
              }
            }
          }
        }
      }
    },
    "/complex-struct-body-with-rename": {
      "post": {
        "operationId": "mod_file_with_complex_struct_body_with_rename",
        "requestBody": {
          "required": true,
          "content": {
            "application/json": {
              "schema": {
                "$ref": "#/components/schemas/ComplexStructBodyWithRename"
              }
            }
          }
        },
        "responses": {
          "200": {
            "description": "Successful response",
            "content": {
              "application/json": {
                "schema": {
                  "type": "string"
                }
              }
            }
          }
        }
      }
    },
    "/enums": {
      "get": {
        "operationId": "enum_endpoint",
        "responses": {
          "200": {
            "description": "Successful response",
            "content": {
              "application/json": {
                "schema": {
                  "$ref": "#/components/schemas/Enum"
                }
              }
            }
          }
        }
      }
    },
    "/enums/adjacently-tagged": {
      "post": {
        "operationId": "adjacently_tagged_endpoint",
        "requestBody": {
          "required": true,
          "content": {
            "application/json": {
              "schema": {
                "$ref": "#/components/schemas/AdjacentlyTaggedResponse"
              }
            }
          }
        },
        "responses": {
          "200": {
            "description": "Successful response",
            "content": {
              "application/json": {
                "schema": {
                  "$ref": "#/components/schemas/AdjacentlyTaggedResponse"
                }
              }
            }
          }
        }
      }
    },
    "/enums/enum2": {
      "get": {
        "operationId": "enum_endpoint2",
        "responses": {
          "200": {
            "description": "Successful response",
            "content": {
              "application/json": {
                "schema": {
                  "$ref": "#/components/schemas/Enum2"
                }
              }
            }
          }
        }
      }
    },
    "/enums/externally-tagged": {
      "post": {
        "operationId": "externally_tagged_endpoint",
        "requestBody": {
          "required": true,
          "content": {
            "application/json": {
              "schema": {
                "$ref": "#/components/schemas/ExternallyTaggedEvent"
              }
            }
          }
        },
        "responses": {
          "200": {
            "description": "Successful response",
            "content": {
              "application/json": {
                "schema": {
                  "$ref": "#/components/schemas/ExternallyTaggedEvent"
                }
              }
            }
          }
        }
      }
    },
    "/enums/internally-tagged": {
      "post": {
        "operationId": "internally_tagged_endpoint",
        "requestBody": {
          "required": true,
          "content": {
            "application/json": {
              "schema": {
                "$ref": "#/components/schemas/InternallyTaggedMessage"
              }
            }
          }
        },
        "responses": {
          "200": {
            "description": "Successful response",
            "content": {
              "application/json": {
                "schema": {
                  "$ref": "#/components/schemas/InternallyTaggedMessage"
                }
              }
            }
          }
        }
      }
    },
    "/enums/untagged": {
      "post": {
        "operationId": "untagged_endpoint",
        "requestBody": {
          "required": true,
          "content": {
            "application/json": {
              "schema": {
                "$ref": "#/components/schemas/UntaggedValue"
              }
            }
          }
        },
        "responses": {
          "200": {
            "description": "Successful response",
            "content": {
              "application/json": {
                "schema": {
                  "$ref": "#/components/schemas/UntaggedValue"
                }
              }
            }
          }
        }
      }
    },
    "/error": {
      "get": {
        "operationId": "error_endpoint",
        "responses": {
          "200": {
            "description": "Successful response",
            "content": {
              "application/json": {
                "schema": {
                  "type": "string"
                }
              }
            }
          },
          "400": {
            "description": "Error response",
            "content": {
              "application/json": {
                "schema": {
                  "$ref": "#/components/schemas/ErrorResponse"
                }
              }
            }
          }
        }
      }
    },
    "/error/cookie-jar-logout": {
      "post": {
        "operationId": "cookie_jar_endpoint",
        "tags": [
          "error"
        ],
        "description": "Logout endpoint that uses CookieJar to clear cookies",
        "responses": {
          "200": {
            "description": "Successful response",
            "content": {
              "application/json": {
                "schema": {
                  "type": "null"
                }
              }
            }
          },
          "400": {
            "description": "Error response",
            "content": {
              "application/json": {
                "schema": {
                  "type": "string"
                }
              }
            }
          }
        }
      }
    },
    "/error/error-with-status": {
      "get": {
        "operationId": "error_endpoint_with_status_code",
        "responses": {
          "200": {
            "description": "Successful response",
            "content": {
              "application/json": {
                "schema": {
                  "type": "string"
                }
              }
            }
          },
          "400": {
            "description": "Error response",
            "content": {
              "application/json": {
                "schema": {
                  "$ref": "#/components/schemas/ErrorResponse"
                }
              }
            }
          }
        }
      }
    },
    "/error/error-with-status2": {
      "get": {
        "operationId": "error_endpoint_with_status_code2",
        "responses": {
          "200": {
            "description": "Successful response",
            "content": {
              "application/json": {
                "schema": {
                  "type": "string"
                }
              }
            }
          },
          "400": {
            "description": "Error response",
            "content": {
              "application/json": {
                "schema": {
                  "$ref": "#/components/schemas/ErrorResponse2"
                }
              }
            }
          },
          "404": {
            "description": "Error response",
            "content": {
              "application/json": {
                "schema": {
                  "$ref": "#/components/schemas/ErrorResponse2"
                }
              }
            }
          },
          "500": {
            "description": "Error response",
            "content": {
              "application/json": {
                "schema": {
                  "$ref": "#/components/schemas/ErrorResponse2"
                }
              }
            }
          }
        }
      }
    },
    "/error/error2": {
      "get": {
        "operationId": "error_endpoint2",
        "responses": {
          "200": {
            "description": "Successful response",
            "content": {
              "application/json": {
                "schema": {
                  "type": "string"
                }
              }
            }
          },
          "400": {
            "description": "Error response",
            "content": {
              "application/json": {
                "schema": {
                  "$ref": "#/components/schemas/ErrorResponse2"
                }
              }
            }
          }
        }
      }
    },
    "/error/header-map": {
      "get": {
        "operationId": "header_map_endpoint",
        "responses": {
          "200": {
            "description": "Successful response",
            "headers": {},
            "content": {
              "application/json": {
                "schema": {
                  "type": "string"
                }
              }
            }
          },
          "400": {
            "description": "Error response",
            "content": {
              "application/json": {
                "schema": {
                  "$ref": "#/components/schemas/ErrorResponse2"
                }
              }
            }
          }
        }
      }
    },
    "/error/header-map2": {
      "get": {
        "operationId": "header_map_endpoint2",
        "responses": {
          "200": {
            "description": "Successful response",
            "headers": {},
            "content": {
              "application/json": {
                "schema": {
                  "type": "string"
                }
              }
            }
          },
          "400": {
            "description": "Error response",
            "content": {
              "application/json": {
                "schema": {
                  "$ref": "#/components/schemas/ErrorResponse2"
                }
              }
            }
          }
        }
      }
    },
    "/error/status-code/{id}": {
      "delete": {
        "operationId": "status_code_endpoint",
        "tags": [
          "error"
        ],
        "description": "Delete endpoint that returns just a StatusCode",
        "parameters": [
          {
            "name": "id",
            "in": "path",
            "required": true,
            "schema": {
              "type": "integer"
            }
          }
        ],
        "responses": {
          "200": {
            "description": "Successful response"
          },
          "400": {
            "description": "Error response",
            "content": {
              "application/json": {
                "schema": {
                  "type": "string"
                }
              }
            }
          }
        }
      }
    },
    "/flatten": {
      "post": {
        "operationId": "list_users",
        "tags": [
          "flatten"
        ],
        "description": "List users with pagination (demonstrates flatten for request/response)\n\nThe request accepts flattened pagination parameters (page, per_page)\nand returns a response with flattened metadata (total, has_more).",
        "requestBody": {
          "required": true,
          "content": {
            "application/json": {
              "schema": {
                "$ref": "#/components/schemas/UserListRequest"
              }
            }
          }
        },
        "responses": {
          "200": {
            "description": "Successful response",
            "content": {
              "application/json": {
                "schema": {
                  "$ref": "#/components/schemas/UserListResponse"
                }
              }
            }
          }
        }
      }
    },
    "/flatten/search": {
      "post": {
        "operationId": "advanced_search",
        "tags": [
          "flatten"
        ],
        "description": "Advanced search endpoint with multiple flatten fields",
        "requestBody": {
          "required": true,
          "content": {
            "application/json": {
              "schema": {
                "$ref": "#/components/schemas/AdvancedSearchRequest"
              }
            }
          }
        },
        "responses": {
          "200": {
            "description": "Successful response",
            "content": {
              "application/json": {
                "schema": {
                  "$ref": "#/components/schemas/SearchResponse"
                }
              }
            }
          }
        }
      }
    },
    "/foo/foo": {
      "post": {
        "operationId": "signup",
        "requestBody": {
          "required": true,
          "content": {
            "application/json": {
              "schema": {
                "$ref": "#/components/schemas/SignupRequest"
              }
            }
          }
        },
        "responses": {
          "200": {
            "description": "Successful response",
            "content": {
              "application/json": {
                "schema": {
                  "$ref": "#/components/schemas/SignupResponse"
                }
              }
            }
          },
          "400": {
            "description": "Error response",
            "content": {
              "application/json": {
                "schema": {
                  "type": "string"
                }
              }
            }
          }
        }
      }
    },
    "/form": {
      "post": {
        "operationId": "subscribe",
        "tags": [
          "form"
        ],
        "description": "Subscribe to newsletter via form submission",
        "requestBody": {
          "required": true,
          "content": {
            "application/x-www-form-urlencoded": {
              "schema": {
                "$ref": "#/components/schemas/SubscribeRequest"
              }
            }
          }
        },
        "responses": {
          "200": {
            "description": "Successful response",
            "content": {
              "application/json": {
                "schema": {
                  "$ref": "#/components/schemas/SubscribeResponse"
                }
              }
            }
          }
        }
      }
    },
    "/form/contact": {
      "post": {
        "operationId": "contact",
        "tags": [
          "form"
        ],
        "description": "Submit a contact form",
        "requestBody": {
          "required": true,
          "content": {
            "application/x-www-form-urlencoded": {
              "schema": {
                "$ref": "#/components/schemas/ContactFormRequest"
              }
            }
          }
        },
        "responses": {
          "200": {
            "description": "Successful response",
            "content": {
              "application/json": {
                "schema": {
                  "$ref": "#/components/schemas/ContactFormResponse"
                }
              }
            }
          }
        }
      }
    },
    "/form/upload": {
      "post": {
        "operationId": "upload",
        "tags": [
          "form"
        ],
        "description": "Upload a file via raw multipart form data",
        "requestBody": {
          "required": true,
          "content": {
            "multipart/form-data": {
              "schema": {
                "type": "object"
              }
            }
          }
        },
        "responses": {
          "200": {
            "description": "Successful response",
            "content": {
              "application/json": {
                "schema": {
                  "$ref": "#/components/schemas/ContactFormResponse"
                }
              }
            }
          }
        }
      }
    },
    "/generic/generic/{value}": {
      "get": {
        "operationId": "generic_endpoint",
        "parameters": [
          {
            "name": "value",
            "in": "path",
            "required": true,
            "schema": {
              "type": "string"
            }
          }
        ],
        "responses": {
          "200": {
            "description": "Successful response",
            "content": {
              "application/json": {
                "schema": {
                  "type": "object",
                  "properties": {
                    "name": {
                      "type": "string"
                    },
                    "value": {
                      "type": "string"
                    }
                  },
                  "required": [
                    "value",
                    "name"
                  ]
                }
              }
            }
          }
        }
      }
    },
    "/generic/generic2": {
      "get": {
        "operationId": "generic_endpoint2",
        "responses": {
          "200": {
            "description": "Successful response",
            "content": {
              "application/json": {
                "schema": {
                  "type": "object",
                  "properties": {
                    "name": {
                      "type": "string"
                    },
                    "value": {
                      "$ref": "#/components/schemas/TestStruct"
                    }
                  },
                  "required": [
                    "value",
                    "name"
                  ]
                }
              }
            }
          }
        }
      }
    },
    "/generic/generic3": {
      "get": {
        "operationId": "generic_endpoint3",
        "responses": {
          "200": {
            "description": "Successful response",
            "content": {
              "application/json": {
                "schema": {
                  "type": "object",
                  "properties": {
                    "name": {
                      "type": "string"
                    },
                    "value": {
                      "$ref": "#/components/schemas/TestStruct"
                    },
                    "value2": {
                      "type": "string"
                    }
                  },
                  "required": [
                    "value",
                    "name",
                    "value2"
                  ]
                }
              }
            }
          }
        }
      }
    },
    "/generic/generic4": {
      "get": {
        "operationId": "generic_endpoint4",
        "responses": {
          "200": {
            "description": "Successful response",
            "content": {
              "application/json": {
                "schema": {
                  "type": "object",
                  "properties": {
                    "name": {
                      "type": "string"
                    },
                    "value": {
                      "type": "boolean"
                    },
                    "value2": {
                      "type": "boolean"
                    }
                  },
                  "required": [
                    "value",
                    "name",
                    "value2"
                  ]
                }
              }
            }
          }
        }
      }
    },
    "/generic/generic5": {
      "get": {
        "operationId": "generic_endpoint5",
        "responses": {
          "200": {
            "description": "Successful response",
            "content": {
              "application/json": {
                "schema": {
                  "type": "object",
                  "properties": {
                    "items": {
                      "type": "array",
                      "items": {
                        "$ref": "#/components/schemas/ContactResponse"
                      }
                    },
                    "page": {
                      "type": "integer"
                    },
                    "size": {
                      "type": "integer"
                    },
                    "totalPage": {
                      "type": "integer"
                    }
                  },
                  "required": [
                    "items",
                    "page",
                    "size",
                    "totalPage"
                  ]
                }
              }
            }
          },
          "400": {
            "description": "Error response",
            "content": {
              "application/json": {
                "schema": {
                  "type": "string"
                }
              }
            }
          }
        }
      }
    },
    "/health": {
      "get": {
        "operationId": "health",
        "responses": {
          "200": {
            "description": "Successful response",
            "content": {
              "application/json": {
                "schema": {
                  "type": "string"
                }
              }
            }
          }
        }
      }
    },
    "/hello": {
      "get": {
        "operationId": "mod_file_endpoint",
        "tags": [
          "hello"
        ],
        "description": "Hello!!",
        "responses": {
          "200": {
            "description": "Successful response",
            "content": {
              "application/json": {
                "schema": {
                  "type": "string"
                }
              }
            }
          }
        }
      }
    },
    "/map-query": {
      "get": {
        "operationId": "mod_file_with_map_query",
        "parameters": [
          {
            "name": "name",
            "in": "query",
            "required": true,
            "schema": {
              "type": "string"
            }
          },
          {
            "name": "age",
            "in": "query",
            "required": true,
            "schema": {
              "type": "integer"
            }
          },
          {
            "name": "optional_age",
            "in": "query",
            "required": false,
            "schema": {
              "type": "integer",
              "nullable": true
            }
          }
        ],
        "responses": {
          "200": {
            "description": "Successful response",
            "content": {
              "application/json": {
                "schema": {
                  "type": "string"
                }
              }
            }
          }
        }
      }
    },
    "/memos": {
      "post": {
        "operationId": "create_memo",
        "description": "Create a new memo",
        "requestBody": {
          "required": true,
          "content": {
            "application/json": {
              "schema": {
                "$ref": "#/components/schemas/CreateMemoRequest"
              }
            }
          }
        },
        "responses": {
          "200": {
            "description": "Successful response",
            "content": {
              "application/json": {
                "schema": {
                  "$ref": "#/components/schemas/CreateMemoRequest"
                }
              }
            }
          }
        }
      },
      "put": {
        "operationId": "update_memo",
        "description": "Update a memo",
        "requestBody": {
          "required": true,
          "content": {
            "application/json": {
              "schema": {
                "$ref": "#/components/schemas/UpdateMemoRequest"
              }
            }
          }
        },
        "responses": {
          "200": {
            "description": "Successful response",
            "content": {
              "application/json": {
                "schema": {
                  "$ref": "#/components/schemas/UpdateMemoRequest"
                }
              }
            }
          }
        }
      }
    },
    "/memos/format": {
      "get": {
        "operationId": "get_memo_format",
        "description": "Get memo response format",
        "responses": {
          "200": {
            "description": "Successful response",
            "content": {
              "application/json": {
                "schema": {
                  "type": "string"
                }
              }
            }
          }
        }
      }
    },
    "/memos/{id}": {
      "get": {
        "operationId": "get_memo",
        "description": "Get memo by id",
        "parameters": [
          {
            "name": "id",
            "in": "path",
            "required": true,
            "schema": {
              "type": "integer"
            }
          }
        ],
        "responses": {
          "200": {
            "description": "Successful response",
            "content": {
              "application/json": {
                "schema": {
                  "$ref": "#/components/schemas/MemoResponse"
                }
              }
            }
          }
        }
      }
    },
    "/memos/{id}/rel": {
      "get": {
        "operationId": "get_memo_rel",
        "parameters": [
          {
            "name": "id",
            "in": "path",
            "required": true,
            "schema": {
              "type": "integer"
            }
          }
        ],
        "responses": {
          "200": {
            "description": "Successful response",
            "content": {
              "application/json": {
                "schema": {
                  "$ref": "#/components/schemas/MemoResponseRel"
                }
              }
            }
          }
        }
      }
    },
    "/no-schema-query": {
      "get": {
        "operationId": "mod_file_with_no_schema_query",
        "responses": {
          "200": {
            "description": "Successful response",
            "content": {
              "application/json": {
                "schema": {
                  "type": "string"
                }
              }
            }
          }
        }
      }
    },
    "/path/multi-path/{arg}/{var1}/{var2}": {
      "get": {
        "operationId": "mod_file_with_multi_path",
        "parameters": [
          {
            "name": "arg",
            "in": "path",
            "required": true,
            "schema": {
              "type": "string"
            }
          },
          {
            "name": "var1",
            "in": "path",
            "required": true,
            "schema": {
              "type": "string"
            }
          },
          {
            "name": "var2",
            "in": "path",
            "required": true,
            "schema": {
              "type": "string"
            }
          }
        ],
        "responses": {
          "200": {
            "description": "Successful response",
            "content": {
              "application/json": {
                "schema": {
                  "type": "string"
                }
              }
            }
          }
        }
      }
    },
    "/path/multi-path/{var1}": {
      "get": {
        "operationId": "mod_file_with_test_struct",
        "parameters": [
          {
            "name": "var1",
            "in": "path",
            "required": true,
            "schema": {
              "type": "string"
            }
          }
        ],
        "responses": {
          "200": {
            "description": "Successful response",
            "content": {
              "application/json": {
                "schema": {
                  "type": "string"
                }
              }
            }
          }
        }
      }
    },
    "/path/multi-path2/{arg}/{var1}/{var2}": {
      "get": {
        "operationId": "mod_file_with_multi_path_2",
        "parameters": [
          {
            "name": "arg",
            "in": "path",
            "required": true,
            "schema": {
              "type": "string"
            }
          },
          {
            "name": "var1",
            "in": "path",
            "required": true,
            "schema": {
              "type": "string"
            }
          },
          {
            "name": "var2",
            "in": "path",
            "required": true,
            "schema": {
              "type": "string"
            }
          }
        ],
        "responses": {
          "200": {
            "description": "Successful response",
            "content": {
              "application/json": {
                "schema": {
                  "type": "string"
                }
              }
            }
          }
        }
      }
    },
    "/path/prefix/{var}": {
      "get": {
        "operationId": "prefix_variable",
        "parameters": [
          {
            "name": "var",
            "in": "path",
            "required": true,
            "schema": {
              "type": "string"
            }
          }
        ],
        "responses": {
          "200": {
            "description": "Successful response",
            "content": {
              "application/json": {
                "schema": {
                  "type": "string"
                }
              }
            }
          }
        }
      }
    },
    "/struct-body": {
      "post": {
        "operationId": "mod_file_with_struct_body",
        "requestBody": {
          "required": true,
          "content": {
            "application/json": {
              "schema": {
                "$ref": "#/components/schemas/StructBody"
              }
            }
          }
        },
        "responses": {
          "200": {
            "description": "Successful response",
            "content": {
              "application/json": {
                "schema": {
                  "type": "string"
                }
              }
            }
          }
        }
      }
    },
    "/struct-body-with-optional": {
      "post": {
        "operationId": "mod_file_with_struct_body_with_optional",
        "requestBody": {
          "required": true,
          "content": {
            "application/json": {
              "schema": {
                "$ref": "#/components/schemas/StructBodyWithOptional"
              }
            }
          }
        },
        "responses": {
          "200": {
            "description": "Successful response",
            "content": {
              "application/json": {
                "schema": {
                  "type": "string"
                }
              }
            }
          }
        }
      }
    },
    "/struct-query": {
      "get": {
        "operationId": "mod_file_with_struct_query",
        "parameters": [
          {
            "name": "name",
            "in": "query",
            "required": true,
            "schema": {
              "type": "string"
            }
          },
          {
            "name": "age",
            "in": "query",
            "required": true,
            "schema": {
              "type": "integer"
            }
          }
        ],
        "responses": {
          "200": {
            "description": "Successful response",
            "content": {
              "application/json": {
                "schema": {
                  "type": "string"
                }
              }
            }
          }
        }
      }
    },
    "/terms": {
      "get": {
        "operationId": "list_terms",
        "tags": [
          "terms"
        ],
        "parameters": [
          {
            "name": "termsType",
            "in": "query",
            "required": true,
            "schema": {
              "$ref": "#/components/schemas/TermsType"
            }
          }
        ],
        "responses": {
          "200": {
            "description": "Successful response",
            "content": {
              "application/json": {
                "schema": {
                  "$ref": "#/components/schemas/TermsQuery"
                }
              }
            }
          }
        }
      }
    },
    "/test-struct": {
      "get": {
        "operationId": "mod_file_with_test_struct",
        "parameters": [
          {
            "name": "name",
            "in": "query",
            "required": true,
            "schema": {
              "type": "string"
            }
          },
          {
            "name": "age",
            "in": "query",
            "required": true,
            "schema": {
              "type": "integer"
            }
          }
        ],
        "responses": {
          "200": {
            "description": "Successful response",
            "content": {
              "application/json": {
                "schema": {
                  "$ref": "#/components/schemas/TestStruct"
                }
              }
            }
          }
        }
      }
    },
    "/third": {
      "get": {
        "operationId": "third_root_endpoint",
        "description": "Third app root endpoint",
        "responses": {
          "200": {
            "description": "Successful response",
            "content": {
              "application/json": {
                "schema": {
                  "type": "string"
                }
              }
            }
          }
        }
      }
    },
    "/third/hello": {
      "get": {
        "operationId": "third_hello_endpoint",
        "tags": [
          "third"
        ],
        "description": "Third app hello endpoint",
        "responses": {
          "200": {
            "description": "Successful response",
            "content": {
              "application/json": {
                "schema": {
                  "type": "string"
                }
              }
            }
          }
        }
      }
    },
    "/third/map-query": {
      "get": {
        "operationId": "third_map_query",
        "tags": [
          "third"
        ],
        "parameters": [
          {
            "name": "name",
            "in": "query",
            "required": true,
            "schema": {
              "type": "string"
            }
          },
          {
            "name": "age",
            "in": "query",
            "required": true,
            "schema": {
              "type": "integer"
            }
          },
          {
            "name": "optional_age",
            "in": "query",
            "required": false,
            "schema": {
              "type": "integer",
              "nullable": true
            }
          }
        ],
        "responses": {
          "200": {
            "description": "Successful response",
            "content": {
              "application/json": {
                "schema": {
                  "type": "string"
                }
              }
            }
          }
        }
      }
    },
    "/typed-form": {
      "get": {
        "operationId": "list_file_uploads",
        "tags": [
          "typed-form"
        ],
        "description": "List all file uploads",
        "responses": {
          "200": {
            "description": "Successful response",
            "content": {
              "application/json": {
                "schema": {
                  "type": "array",
                  "items": {
                    "$ref": "#/components/schemas/FileUploadResponse"
                  }
                }
              }
            }
          }
        }
      },
      "post": {
        "operationId": "create_file_upload",
        "tags": [
          "typed-form"
        ],
        "description": "Create a new file upload with multipart form data",
        "requestBody": {
          "required": true,
          "content": {
            "multipart/form-data": {
              "schema": {
                "$ref": "#/components/schemas/CreateFileUploadRequest"
              }
            }
          }
        },
        "responses": {
          "200": {
            "description": "Successful response",
            "content": {
              "application/json": {
                "schema": {
                  "$ref": "#/components/schemas/FileUploadResponse"
                }
              }
            }
          },
          "400": {
            "description": "Error response",
            "content": {
              "application/json": {
                "schema": {
                  "type": "string"
                }
              }
            }
          }
        }
      }
    },
    "/typed-form/{id}": {
      "put": {
        "operationId": "update_file_upload",
        "tags": [
          "typed-form"
        ],
        "description": "Update a file upload with multipart form data",
        "parameters": [
          {
            "name": "id",
            "in": "path",
            "required": true,
            "schema": {
              "type": "integer"
            }
          }
        ],
        "requestBody": {
          "required": true,
          "content": {
            "multipart/form-data": {
              "schema": {
                "$ref": "#/components/schemas/UpdateFileUploadRequest"
              }
            }
          }
        },
        "responses": {
          "200": {
            "description": "Successful response",
            "content": {
              "application/json": {
                "schema": {
                  "$ref": "#/components/schemas/FileUploadResponse"
                }
              }
            }
          },
          "400": {
            "description": "Error response",
            "content": {
              "application/json": {
                "schema": {
                  "type": "string"
                }
              }
            }
          }
        }
      },
      "patch": {
        "operationId": "patch_file_upload",
        "tags": [
          "typed-form"
        ],
        "description": "Patch a file upload (partial update via schema_type! multipart)",
        "parameters": [
          {
            "name": "id",
            "in": "path",
            "required": true,
            "schema": {
              "type": "integer"
            }
          }
        ],
        "requestBody": {
          "required": true,
          "content": {
            "multipart/form-data": {
              "schema": {
                "$ref": "#/components/schemas/PatchFileUploadRequest"
              }
            }
          }
        },
        "responses": {
          "200": {
            "description": "Successful response",
            "content": {
              "application/json": {
                "schema": {
                  "$ref": "#/components/schemas/FileUploadResponse"
                }
              }
            }
          },
          "400": {
            "description": "Error response",
            "content": {
              "application/json": {
                "schema": {
                  "type": "string"
                }
              }
            }
          }
        }
      }
    },
    "/typed-header": {
      "get": {
        "operationId": "typed_header_jwt",
        "parameters": [
          {
            "name": "authorization",
            "in": "header",
            "required": true,
            "schema": {
              "type": "string"
            }
          }
        ],
        "responses": {
          "200": {
            "description": "Successful response",
            "content": {
              "application/json": {
                "schema": {
                  "type": "string"
                }
              }
            }
          }
        }
      },
      "post": {
        "operationId": "typed_header",
        "parameters": [
          {
            "name": "user-agent",
            "in": "header",
            "required": true,
            "schema": {
              "type": "string"
            }
          },
          {
            "name": "content-type",
            "in": "header",
            "required": false,
            "schema": {
              "type": "string"
            }
          }
        ],
        "responses": {
          "200": {
            "description": "Successful response",
            "content": {
              "application/json": {
                "schema": {
                  "type": "string"
                }
              }
            }
          }
        }
      }
    },
    "/users": {
      "get": {
        "operationId": "get_users",
        "description": "Get all users (returns public response without internal_score)",
        "responses": {
          "200": {
            "description": "Successful response",
            "content": {
              "application/json": {
                "schema": {
                  "type": "array",
                  "items": {
                    "$ref": "#/components/schemas/UserPublicResponse"
                  }
                }
              }
            }
          }
        }
      },
      "post": {
        "operationId": "create_user",
        "description": "Create a new user\nRequest body uses CreateUserRequest (generated from User with only name, email)",
        "requestBody": {
          "required": true,
          "content": {
            "application/json": {
              "schema": {
                "$ref": "#/components/schemas/CreateUserRequest"
              }
            }
          }
        },
        "responses": {
          "200": {
            "description": "Successful response",
            "content": {
              "application/json": {
                "schema": {
                  "$ref": "#/components/schemas/UserPublicResponse"
                }
              }
            }
          }
        }
      }
    },
    "/users/dto/{id}": {
      "get": {
        "operationId": "get_user_dto",
        "description": "Get user DTO (demonstrates field rename feature)\nThe Rust struct uses user_id/display_name, but JSON uses id/name",
        "parameters": [
          {
            "name": "id",
            "in": "path",
            "required": true,
            "schema": {
              "type": "integer"
            }
          }
        ],
        "responses": {
          "200": {
            "description": "Successful response",
            "content": {
              "application/json": {
                "schema": {
                  "$ref": "#/components/schemas/UserDTO"
                }
              }
            }
          }
        }
      }
    },
    "/users/skip-response": {
      "get": {
        "operationId": "skip_response",
        "responses": {
          "200": {
            "description": "Successful response",
            "content": {
              "application/json": {
                "schema": {
                  "$ref": "#/components/schemas/SkipResponse"
                }
              }
            }
          }
        }
      }
    },
    "/users/summary": {
      "get": {
        "operationId": "get_users_summary",
        "description": "Get user summaries (minimal fields for list views)",
        "responses": {
          "200": {
            "description": "Successful response",
            "content": {
              "application/json": {
                "schema": {
                  "type": "array",
                  "items": {
                    "$ref": "#/components/schemas/UserSummary"
                  }
                }
              }
            }
          }
        }
      }
    },
    "/users/with-meta": {
      "post": {
        "operationId": "create_user_with_meta",
        "description": "Create a new user with metadata (demonstrates `add` feature)\nRequest body uses CreateUserWithMeta (picks name/email, adds request_id/created_at)",
        "requestBody": {
          "required": true,
          "content": {
            "application/json": {
              "schema": {
                "$ref": "#/components/schemas/CreateUserWithMeta"
              }
            }
          }
        },
        "responses": {
          "200": {
            "description": "Successful response",
            "content": {
              "application/json": {
                "schema": {
                  "$ref": "#/components/schemas/CreateUserWithMeta"
                }
              }
            }
          }
        }
      }
    },
    "/users/{id}": {
      "get": {
        "operationId": "get_user",
        "description": "Get user by ID (full internal view)",
        "parameters": [
          {
            "name": "id",
            "in": "path",
            "required": true,
            "schema": {
              "type": "integer"
            }
          }
        ],
        "responses": {
          "200": {
            "description": "Successful response",
            "content": {
              "application/json": {
                "schema": {
                  "$ref": "#/components/schemas/User"
                }
              }
            }
          }
        }
      }
    }
  },
  "components": {
    "schemas": {
      "AdjacentlyTaggedResponse": {
        "description": "Adjacently tagged enum - serializes as `{\"type\": \"...\", \"data\": ...}`\nExample: `{\"type\": \"Success\", \"data\": {\"items\": [\"a\", \"b\"]}}`",
        "oneOf": [
          {
            "type": "object",
            "description": "Successful response with items",
            "properties": {
              "data": {
                "type": "object",
                "properties": {
                  "items": {
                    "type": "array",
                    "items": {
                      "type": "string"
                    }
                  }
                },
                "required": [
                  "items"
                ]
              },
              "type": {
                "type": "string",
                "enum": [
                  "Success"
                ]
              }
            },
            "required": [
              "type",
              "data"
            ]
          },
          {
            "type": "object",
            "description": "Error response with code and message",
            "properties": {
              "data": {
                "type": "object",
                "properties": {
                  "code": {
                    "type": "integer"
                  },
                  "message": {
                    "type": "string"
                  }
                },
                "required": [
                  "code",
                  "message"
                ]
              },
              "type": {
                "type": "string",
                "enum": [
                  "Error"
                ]
              }
            },
            "required": [
              "type",
              "data"
            ]
          },
          {
            "type": "object",
            "description": "Empty response (unit variant)",
            "properties": {
              "type": {
                "type": "string",
                "enum": [
                  "Empty"
                ]
              }
            },
            "required": [
              "type"
            ]
          }
        ],
        "discriminator": {
          "propertyName": "type"
        }
      },
      "AdvancedSearchRequest": {
        "description": "Request combining multiple flattened structs",
        "allOf": [
          {
            "type": "object",
            "properties": {
              "query": {
                "type": "string",
                "description": "Search query string"
              }
            },
            "required": [
              "query"
            ]
          },
          {
            "$ref": "#/components/schemas/Pagination"
          }
        ]
      },
      "ComplexStructBody": {
        "type": "object",
        "properties": {
          "age": {
            "type": "integer"
          },
          "array": {
            "type": "array",
            "items": {
              "type": "string"
            }
          },
          "map": {
            "type": "object",
            "properties": {},
            "required": [],
            "additionalProperties": {
              "type": "string"
            }
          },
          "name": {
            "type": "string"
          },
          "nested_array": {
            "type": "array",
            "items": {
              "$ref": "#/components/schemas/StructBodyWithOptional"
            }
          },
          "nested_map": {
            "type": "object",
            "properties": {},
            "required": [],
            "additionalProperties": {
              "$ref": "#/components/schemas/StructBodyWithOptional"
            }
          },
          "nested_struct": {
            "$ref": "#/components/schemas/StructBodyWithOptional"
          },
          "nested_struct_array": {
            "type": "array",
            "items": {
              "$ref": "#/components/schemas/StructBodyWithOptional"
            }
          },
          "nested_struct_array_map": {
            "type": "array",
            "items": {
              "type": "object",
              "properties": {},
              "required": [],
              "additionalProperties": {
                "$ref": "#/components/schemas/StructBodyWithOptional"
              }
            }
          },
          "nested_struct_map": {
            "type": "object",
            "properties": {},
            "required": [],
            "additionalProperties": {
              "$ref": "#/components/schemas/StructBodyWithOptional"
            }
          },
          "nested_struct_map_array": {
            "type": "object",
            "properties": {},
            "required": [],
            "additionalProperties": {
              "items": {
                "$ref": "#/components/schemas/StructBodyWithOptional"
              },
              "type": "array"
            }
          }
        },
        "required": [
          "name",
          "age",
          "nested_struct",
          "array",
          "map",
          "nested_array",
          "nested_map",
          "nested_struct_array",
          "nested_struct_map",
          "nested_struct_array_map",
          "nested_struct_map_array"
        ]
      },
      "ComplexStructBodyWithRename": {
        "type": "object",
        "properties": {
          "age": {
            "type": "integer"
          },
          "array": {
            "type": "array",
            "items": {
              "type": "string"
            }
          },
          "map": {
            "type": "object",
            "properties": {},
            "required": [],
            "additionalProperties": {
              "type": "string"
            }
          },
          "name": {
            "type": "string"
          },
          "nestedArray": {
            "type": "array",
            "items": {
              "$ref": "#/components/schemas/StructBodyWithOptional"
            }
          },
          "nestedMap": {
            "type": "object",
            "properties": {},
            "required": [],
            "additionalProperties": {
              "$ref": "#/components/schemas/StructBodyWithOptional"
            }
          },
          "nestedStruct": {
            "$ref": "#/components/schemas/StructBodyWithOptional"
          },
          "nestedStructArray": {
            "type": "array",
            "items": {
              "$ref": "#/components/schemas/StructBodyWithOptional"
            }
          },
          "nestedStructArrayMap": {
            "type": "array",
            "items": {
              "type": "object",
              "properties": {},
              "required": [],
              "additionalProperties": {
                "$ref": "#/components/schemas/StructBodyWithOptional"
              }
            }
          },
          "nestedStructMap": {
            "type": "object",
            "properties": {},
            "required": [],
            "additionalProperties": {
              "$ref": "#/components/schemas/StructBodyWithOptional"
            }
          },
          "nestedStructMapArray": {
            "type": "object",
            "properties": {},
            "required": [],
            "additionalProperties": {
              "items": {
                "$ref": "#/components/schemas/StructBodyWithOptional"
              },
              "type": "array"
            }
          }
        },
        "required": [
          "name",
          "age",
          "nestedStruct",
          "array",
          "map",
          "nestedArray",
          "nestedMap",
          "nestedStructArray",
          "nestedStructMap",
          "nestedStructArrayMap",
          "nestedStructMapArray"
        ]
      },
      "ContactFormRequest": {
        "type": "object",
        "properties": {
          "email": {
            "type": "string"
          },
          "message": {
            "type": "string"
          },
          "name": {
            "type": "string"
          },
          "subject": {
            "type": "string",
            "nullable": true
          }
        },
        "required": [
          "name",
          "email",
          "message"
        ]
      },
      "ContactFormResponse": {
        "type": "object",
        "properties": {
          "success": {
            "type": "boolean"
          },
          "ticketId": {
            "type": "string"
          }
        },
        "required": [
          "success",
          "ticketId"
        ]
      },
      "ContactResponse": {
        "type": "object",
        "properties": {
          "adminReply": {
            "type": "string",
            "nullable": true
          },
          "category": {
            "type": "string",
            "nullable": true
          },
          "content": {
            "type": "string"
          },
          "createdAt": {
            "type": "string"
          },
          "id": {
            "type": "integer"
          },
          "repliedAt": {
            "type": "string",
            "nullable": true
          },
          "title": {
            "type": "string"
          },
          "updatedAt": {
            "type": "string",
            "nullable": true
          },
          "userId": {
            "type": "integer"
          }
        },
        "required": [
          "id",
          "userId",
          "title",
          "content",
          "createdAt"
        ]
      },
      "CreateFileUploadRequest": {
        "type": "object",
        "properties": {
          "document": {
            "type": "string",
            "format": "binary",
            "nullable": true
          },
          "name": {
            "type": "string"
          },
          "tags": {
            "type": "string",
            "nullable": true
          },
          "thumbnail": {
            "type": "string",
            "format": "binary",
            "nullable": true
          }
        },
        "required": [
          "name"
        ]
      },
      "CreateMemoRequest": {
        "type": "object",
        "properties": {
          "content": {
            "type": "string"
          },
          "title": {
            "type": "string"
          }
        },
        "required": [
          "title",
          "content"
        ]
      },
      "CreateUserRequest": {
        "type": "object",
        "description": "Full user model with all fields",
        "properties": {
          "email": {
            "type": "string"
          },
          "name": {
            "type": "string"
          }
        },
        "required": [
          "name",
          "email"
        ]
      },
      "CreateUserWithMeta": {
        "type": "object",
        "description": "Full user model with all fields",
        "properties": {
          "createdAt": {
            "type": "string",
            "nullable": true
          },
          "email": {
            "type": "string"
          },
          "name": {
            "type": "string"
          },
          "requestId": {
            "type": "string"
          }
        },
        "required": [
          "name",
          "email",
          "requestId"
        ]
      },
      "Enum": {
        "type": "string",
        "enum": [
          "A",
          "B",
          "C"
        ]
      },
      "Enum2": {
        "description": "Enum2 Description",
        "oneOf": [
          {
            "type": "object",
            "properties": {
              "A": {
                "type": "string"
              }
            },
            "required": [
              "A"
            ]
          },
          {
            "type": "object",
            "properties": {
              "B": {
                "type": "object",
                "properties": {
                  "age": {
                    "type": "integer"
                  },
                  "name": {
                    "type": "string"
                  }
                },
                "required": [
                  "name",
                  "age"
                ]
              }
            },
            "required": [
              "B"
            ]
          },
          {
            "type": "object",
            "properties": {
              "C": {
                "type": "integer"
              }
            },
            "required": [
              "C"
            ]
          },
          {
            "type": "object",
            "properties": {
              "D": {
                "type": "boolean"
              }
            },
            "required": [
              "D"
            ]
          },
          {
            "type": "object",
            "properties": {
              "E": {
                "type": "array",
                "items": {
                  "type": "string"
                }
              }
            },
            "required": [
              "E"
            ]
          },
          {
            "type": "object",
            "properties": {
              "F": {
                "type": "array",
                "prefixItems": [
                  {
                    "type": "string"
                  },
                  {
                    "type": "integer"
                  }
                ],
                "minItems": 2,
                "maxItems": 2
              }
            },
            "required": [
              "F"
            ]
          },
          {
            "type": "object",
            "properties": {
              "G": {
                "type": "object",
                "properties": {},
                "required": [],
                "additionalProperties": {
                  "type": "string"
                }
              }
            },
            "required": [
              "G"
            ]
          },
          {
            "type": "object",
            "properties": {
              "H": {
                "type": "object",
                "properties": {},
                "required": [],
                "additionalProperties": {
                  "type": "string"
                }
              }
            },
            "required": [
              "H"
            ]
          },
          {
            "type": "object",
            "properties": {
              "I": {
                "$ref": "#/components/schemas/TestStruct"
              }
            },
            "required": [
              "I"
            ]
          },
          {
            "type": "object",
            "properties": {
              "J": {
                "type": "array",
                "items": {
                  "$ref": "#/components/schemas/TestStruct"
                }
              }
            },
            "required": [
              "J"
            ]
          },
          {
            "type": "object",
            "properties": {
              "K": {
                "type": "array",
                "prefixItems": [
                  {
                    "$ref": "#/components/schemas/TestStruct"
                  },
                  {
                    "$ref": "#/components/schemas/TestStruct"
                  }
                ],
                "minItems": 2,
                "maxItems": 2
              }
            },
            "required": [
              "K"
            ]
          },
          {
            "type": "object",
            "properties": {
              "L": {
                "type": "string",
                "nullable": true
              }
            },
            "required": [
              "L"
            ]
          },
          {
            "type": "object",
            "properties": {
              "M": {
                "type": "array",
                "items": {
                  "type": "string",
                  "nullable": true
                }
              }
            },
            "required": [
              "M"
            ]
          },
          {
            "type": "object",
            "properties": {
              "N": {
                "type": "object",
                "properties": {},
                "required": [],
                "additionalProperties": {
                  "nullable": true,
                  "type": "string"
                }
              }
            },
            "required": [
              "N"
            ]
          }
        ]
      },
      "ErrorResponse": {
        "type": "object",
        "properties": {
          "code": {
            "type": "integer"
          },
          "error": {
            "type": "string"
          }
        },
        "required": [
          "error",
          "code"
        ]
      },
      "ErrorResponse2": {
        "type": "object",
        "properties": {
          "code": {
            "type": "integer"
          },
          "error": {
            "type": "string"
          }
        },
        "required": [
          "error",
          "code"
        ]
      },
      "ExternallyTaggedEvent": {
        "description": "Externally tagged enum (default) - serializes as `{\"VariantName\": ...}`\nExample: `{\"Created\": {\"id\": 1, \"name\": \"test\"}}`\nThis is included for comparison with the other representations.",
        "oneOf": [
          {
            "type": "object",
            "description": "Item was created",
            "properties": {
              "Created": {
                "type": "object",
                "properties": {
                  "id": {
                    "type": "integer"
                  },
                  "name": {
                    "type": "string"
                  }
                },
                "required": [
                  "id",
                  "name"
                ]
              }
            },
            "required": [
              "Created"
            ]
          },
          {
            "type": "object",
            "description": "Item was updated",
            "properties": {
              "Updated": {
                "type": "object",
                "properties": {
                  "id": {
                    "type": "integer"
                  }
                },
                "required": [
                  "id"
                ]
              }
            },
            "required": [
              "Updated"
            ]
          },
          {
            "type": "object",
            "description": "Item was deleted",
            "properties": {
              "Deleted": {
                "type": "integer"
              }
            },
            "required": [
              "Deleted"
            ]
          }
        ]
      },
      "FileUploadResponse": {
        "type": "object",
        "properties": {
          "createdAt": {
            "type": "string"
          },
          "documentUrl": {
            "type": "string",
            "nullable": true
          },
          "id": {
            "type": "integer"
          },
          "isActive": {
            "type": "boolean"
          },
          "name": {
            "type": "string"
          },
          "tags": {
            "type": "array",
            "items": {
              "type": "string"
            }
          },
          "thumbnailUrl": {
            "type": "string",
            "nullable": true
          }
        },
        "required": [
          "id",
          "name",
          "tags",
          "isActive",
          "createdAt"
        ]
      },
      "GenericStruct": {
        "type": "object",
        "properties": {
          "name": {
            "type": "string"
          },
          "value": {
            "type": "object"
          }
        },
        "required": [
          "value",
          "name"
        ]
      },
      "GenericStruct2": {
        "type": "object",
        "properties": {
          "name": {
            "type": "string"
          },
          "value": {
            "type": "object"
          },
          "value2": {
            "type": "object"
          }
        },
        "required": [
          "value",
          "name",
          "value2"
        ]
      },
      "InSkipResponse": {
        "type": "object",
        "properties": {
          "name": {
            "type": "string"
          }
        },
        "required": [
          "name"
        ]
      },
      "InternallyTaggedMessage": {
        "description": "Internally tagged enum - serializes as `{\"type\": \"...\", ...fields...}`\nExample: `{\"type\": \"Request\", \"id\": 1, \"method\": \"GET\"}`",
        "oneOf": [
          {
            "type": "object",
            "description": "A request message",
            "properties": {
              "id": {
                "type": "integer"
              },
              "method": {
                "type": "string"
              },
              "type": {
                "type": "string",
                "enum": [
                  "Request"
                ]
              }
            },
            "required": [
              "type",
              "id",
              "method"
            ]
          },
          {
            "type": "object",
            "description": "A response message",
            "properties": {
              "id": {
                "type": "integer"
              },
              "result": {
                "type": "string",
                "nullable": true
              },
              "type": {
                "type": "string",
                "enum": [
                  "Response"
                ]
              }
            },
            "required": [
              "type",
              "id"
            ]
          },
          {
            "type": "object",
            "description": "A notification (no payload)",
            "properties": {
              "type": {
                "type": "string",
                "enum": [
                  "Notification"
                ]
              }
            },
            "required": [
              "type"
            ]
          }
        ],
        "discriminator": {
          "propertyName": "type"
        }
      },
      "MapQuery": {
        "type": "object",
        "properties": {
          "age": {
            "type": "integer"
          },
          "name": {
            "type": "string"
          },
          "optional_age": {
            "type": "integer",
            "nullable": true
          }
        },
        "required": [
          "name",
          "age"
        ]
      },
      "MemoCommentSchema": {
        "type": "object",
        "properties": {
          "content": {
            "type": "string"
          },
          "createdAt": {
            "type": "string",
            "format": "date-time"
          },
          "id": {
            "type": "integer"
          },
          "memo": {
            "$ref": "#/components/schemas/MemoSchema"
          },
          "memoId": {
            "type": "integer"
          },
          "updatedAt": {
            "type": "string",
            "format": "date-time"
          },
          "user": {
            "$ref": "#/components/schemas/UserSchema"
          },
          "userId": {
            "type": "integer"
          }
        },
        "required": [
          "id",
          "userId",
          "memoId",
          "content",
          "createdAt",
          "updatedAt",
          "user",
          "memo"
        ]
      },
      "MemoResponse": {
        "type": "object",
        "properties": {
          "content": {
            "type": "string"
          },
          "createdAt": {
            "type": "string",
            "format": "date-time"
          },
          "id": {
            "type": "integer"
          },
          "status": {
            "$ref": "#/components/schemas/MemoStatus"
          },
          "title": {
            "type": "string"
          },
          "userId": {
            "type": "integer"
          }
        },
        "required": [
          "id",
          "userId",
          "title",
          "content",
          "status",
          "createdAt"
        ]
      },
      "MemoResponseComments": {
        "type": "object",
        "properties": {
          "memoComments": {
            "type": "array",
            "items": {
              "$ref": "#/components/schemas/MemoResponseComments_MemoComments"
            }
          }
        },
        "required": [
          "memoComments"
        ]
      },
      "MemoResponseComments_MemoComments": {
        "type": "object",
        "properties": {
          "content": {
            "type": "string"
          },
          "createdAt": {
            "type": "string",
            "format": "date-time"
          },
          "id": {
            "type": "integer"
          },
          "memoId": {
            "type": "integer"
          },
          "updatedAt": {
            "type": "string",
            "format": "date-time"
          },
          "userId": {
            "type": "integer"
          }
        },
        "required": [
          "id",
          "userId",
          "memoId",
          "content",
          "createdAt",
          "updatedAt"
        ]
      },
      "MemoResponseRel": {
        "type": "object",
        "properties": {
          "content": {
            "type": "string"
          },
          "createdAt": {
            "type": "string",
            "format": "date-time"
          },
          "id": {
            "type": "integer"
          },
          "status": {
            "$ref": "#/components/schemas/MemoStatus"
          },
          "title": {
            "type": "string"
          },
          "user": {
            "$ref": "#/components/schemas/UserSchema"
          },
          "userId": {
            "type": "integer"
          }
        },
        "required": [
          "id",
          "userId",
          "title",
          "content",
          "status",
          "createdAt",
          "user"
        ]
      },
      "MemoSchema": {
        "type": "object",
        "properties": {
          "content": {
            "type": "string"
          },
          "createdAt": {
            "type": "string",
            "format": "date-time"
          },
          "id": {
            "type": "integer"
          },
          "status": {
            "$ref": "#/components/schemas/MemoStatus"
          },
          "title": {
            "type": "string"
          },
          "updatedAt": {
            "type": "string",
            "format": "date-time"
          },
          "user": {
            "$ref": "#/components/schemas/UserSchema"
          },
          "userId": {
            "type": "integer"
          }
        },
        "required": [
          "id",
          "userId",
          "title",
          "content",
          "status",
          "createdAt",
          "updatedAt",
          "user"
        ]
      },
      "MemoSnakeCase": {
        "type": "object",
        "properties": {
          "created_at": {
            "type": "string",
            "format": "date-time"
          },
          "id": {
            "type": "integer"
          },
          "user_id": {
            "type": "integer"
          }
        },
        "required": [
          "id",
          "user_id",
          "created_at"
        ]
      },
      "MemoStatus": {
        "type": "string",
        "enum": [
          "draft",
          "published",
          "archived"
        ]
      },
      "PaginatedResponse": {
        "type": "object",
        "properties": {
          "items": {
            "type": "array",
            "items": {
              "type": "object"
            }
          },
          "page": {
            "type": "integer"
          },
          "size": {
            "type": "integer"
          },
          "totalPage": {
            "type": "integer"
          }
        },
        "required": [
          "items",
          "page",
          "size",
          "totalPage"
        ]
      },
      "Pagination": {
        "type": "object",
        "description": "Common pagination parameters that can be reused across requests",
        "properties": {
          "page": {
            "type": "integer",
            "description": "Page number (1-indexed)",
            "default": 1
          },
          "per_page": {
            "type": "integer",
            "description": "Items per page",
            "default": 20
          }
        }
      },
      "PatchFileUploadRequest": {
        "type": "object",
        "properties": {
          "isActive": {
            "type": "boolean",
            "nullable": true
          },
          "name": {
            "type": "string",
            "nullable": true
          },
          "tags": {
            "type": "string",
            "nullable": true
          },
          "thumbnail": {
            "type": "string",
            "format": "binary",
            "nullable": true
          }
        }
      },
      "ResponseMeta": {
        "type": "object",
        "description": "Common metadata for responses",
        "properties": {
          "has_more": {
            "type": "boolean",
            "description": "Whether there are more pages"
          },
          "total": {
            "type": "integer",
            "description": "Total number of items"
          }
        },
        "required": [
          "total",
          "has_more"
        ]
      },
      "SearchResponse": {
        "description": "Response combining multiple flattened structs",
        "allOf": [
          {
            "type": "object",
            "properties": {
              "found": {
                "type": "boolean",
                "description": "Whether any results were found"
              },
              "results": {
                "type": "array",
                "description": "Search results",
                "items": {
                  "type": "string"
                }
              }
            },
            "required": [
              "results",
              "found"
            ]
          },
          {
            "$ref": "#/components/schemas/ResponseMeta"
          }
        ]
      },
      "SignupRequest": {
        "type": "object",
        "properties": {
          "email": {
            "type": "string"
          },
          "password": {
            "type": "string"
          }
        },
        "required": [
          "email",
          "password"
        ]
      },
      "SignupResponse": {
        "type": "object",
        "properties": {
          "birthday": {
            "type": "string",
            "nullable": true
          },
          "createdAt": {
            "type": "string"
          },
          "email": {
            "type": "string"
          },
          "gender": {
            "type": "string",
            "nullable": true
          },
          "id": {
            "type": "integer"
          },
          "job": {
            "type": "string",
            "nullable": true
          },
          "name": {
            "type": "string"
          },
          "nickname": {
            "type": "string",
            "nullable": true
          },
          "phoneNumber23": {
            "type": "string"
          }
        },
        "required": [
          "id",
          "email",
          "name",
          "phoneNumber23",
          "createdAt"
        ]
      },
      "SkipResponse": {
        "type": "object",
        "properties": {
          "email2": {
            "type": "string",
            "nullable": true
          },
          "email4": {
            "type": "string",
            "nullable": true
          },
          "email5": {
            "type": "string",
            "default": ""
          },
          "email6": {
            "type": "string",
            "default": "default42"
          },
          "in_skip": {
            "$ref": "#/components/schemas/InSkipResponse"
          },
          "in_skip2": {
            "$ref": "#/components/schemas/InSkipResponse",
            "nullable": true
          },
          "in_skip3": {
            "type": "array",
            "items": {
              "$ref": "#/components/schemas/InSkipResponse"
            }
          },
          "in_skip4": {
            "type": "array",
            "items": {
              "$ref": "#/components/schemas/InSkipResponse"
            },
            "nullable": true
          },
          "in_skip5": {
            "type": "object",
            "properties": {},
            "required": [],
            "additionalProperties": {
              "$ref": "#/components/schemas/InSkipResponse"
            },
            "nullable": true
          },
          "in_skip6": {
            "type": "object",
            "properties": {},
            "required": [],
            "additionalProperties": {
              "$ref": "#/components/schemas/InSkipResponse"
            },
            "nullable": true
          },
          "name": {
            "type": "string"
          },
          "num": {
            "type": "integer",
            "default": 0
          }
        },
        "required": [
          "name",
          "in_skip",
          "in_skip3"
        ]
      },
      "StructBody": {
        "type": "object",
        "properties": {
          "age": {
            "type": "integer"
          },
          "name": {
            "type": "string"
          }
        },
        "required": [
          "name",
          "age"
        ]
      },
      "StructBodyWithOptional": {
        "type": "object",
        "properties": {
          "age": {
            "type": "integer",
            "nullable": true
          },
          "name": {
            "type": "string",
            "nullable": true
          }
        }
      },
      "StructQuery": {
        "type": "object",
        "properties": {
          "age": {
            "type": "integer"
          },
          "name": {
            "type": "string"
          }
        },
        "required": [
          "name",
          "age"
        ]
      },
      "SubscribeRequest": {
        "type": "object",
        "properties": {
          "email": {
            "type": "string"
          },
          "name": {
            "type": "string"
          }
        },
        "required": [
          "name",
          "email"
        ]
      },
      "SubscribeResponse": {
        "type": "object",
        "properties": {
          "email": {
            "type": "string"
          },
          "id": {
            "type": "integer"
          },
          "isSubscribed": {
            "type": "boolean"
          },
          "name": {
            "type": "string"
          }
        },
        "required": [
          "id",
          "name",
          "email",
          "isSubscribed"
        ]
      },
      "TermsQuery": {
        "type": "object",
        "properties": {
          "termsType": {
            "$ref": "#/components/schemas/TermsType"
          }
        },
        "required": [
          "termsType"
        ]
      },
      "TermsType": {
        "type": "string",
        "enum": [
          "terms",
          "privacy"
        ]
      },
      "TestStruct": {
        "type": "object",
        "properties": {
          "age": {
            "type": "integer"
          },
          "name": {
            "type": "string"
          }
        },
        "required": [
          "name",
          "age"
        ]
      },
      "ThirdMapQuery": {
        "type": "object",
        "properties": {
          "age": {
            "type": "integer"
          },
          "name": {
            "type": "string"
          },
          "optional_age": {
            "type": "integer",
            "nullable": true
          }
        },
        "required": [
          "name",
          "age"
        ]
      },
      "UntaggedValue": {
        "description": "Untagged enum - serializes as just the variant data, no tag\nThe deserializer tries each variant in order until one matches.\nExample: `\"hello\"` or `42` or `{\"key\": \"value\"}`",
        "oneOf": [
          {
            "type": "string",
            "description": "A string value"
          },
          {
            "type": "integer",
            "description": "A numeric value"
          },
          {
            "type": "boolean",
            "description": "A boolean value"
          },
          {
            "type": "object",
            "description": "An object with key-value pairs",
            "properties": {
              "key": {
                "type": "string"
              },
              "value": {
                "type": "string"
              }
            },
            "required": [
              "key",
              "value"
            ]
          }
        ]
      },
      "UpdateFileUploadRequest": {
        "type": "object",
        "properties": {
          "document": {
            "type": "string",
            "format": "binary",
            "nullable": true
          },
          "is_active": {
            "type": "boolean",
            "nullable": true
          },
          "name": {
            "type": "string",
            "nullable": true
          },
          "tags": {
            "type": "string",
            "nullable": true
          },
          "thumbnail": {
            "type": "string",
            "format": "binary",
            "nullable": true
          }
        }
      },
      "UpdateMemoRequest": {
        "type": "object",
        "properties": {
          "content": {
            "type": "string"
          },
          "id": {
            "type": "integer"
          },
          "title": {
            "type": "string"
          }
        },
        "required": [
          "title",
          "content",
          "id"
        ]
      },
      "User": {
        "type": "object",
        "description": "Full user model with all fields",
        "properties": {
          "email": {
            "type": "string"
          },
          "id": {
            "type": "integer"
          },
          "internal_score": {
            "type": "integer",
            "description": "Internal field - should be omitted in public APIs",
            "nullable": true
          },
          "name": {
            "type": "string"
          }
        },
        "required": [
          "id",
          "name",
          "email"
        ]
      },
      "UserDTO": {
        "type": "object",
        "description": "Full user model with all fields",
        "properties": {
          "id": {
            "type": "integer"
          },
          "name": {
            "type": "string"
          }
        },
        "required": [
          "id",
          "name"
        ]
      },
      "UserItem": {
        "type": "object",
        "description": "Simple user representation",
        "properties": {
          "email": {
            "type": "string"
          },
          "id": {
            "type": "integer"
          },
          "name": {
            "type": "string"
          }
        },
        "required": [
          "id",
          "name",
          "email"
        ]
      },
      "UserListRequest": {
        "description": "Request with flattened pagination parameters\n\nThe pagination fields (page, per_page) are merged into this struct's JSON representation.",
        "allOf": [
          {
            "type": "object",
            "properties": {
              "filter": {
                "type": "string",
                "description": "Filter users by name (optional)",
                "nullable": true
              },
              "sort": {
                "type": "string",
                "description": "Sort order: \"asc\" or \"desc\""
              }
            }
          },
          {
            "$ref": "#/components/schemas/Pagination"
          }
        ]
      },
      "UserListResponse": {
        "description": "Paginated response with flattened metadata\n\nThe response meta fields (total, has_more) are merged into this struct's JSON representation.",
        "allOf": [
          {
            "type": "object",
            "properties": {
              "data": {
                "type": "array",
                "description": "List of users",
                "items": {
                  "$ref": "#/components/schemas/UserItem"
                }
              }
            },
            "required": [
              "data"
            ]
          },
          {
            "$ref": "#/components/schemas/ResponseMeta"
          }
        ]
      },
      "UserPublicResponse": {
        "type": "object",
        "description": "Full user model with all fields",
        "properties": {
          "email": {
            "type": "string"
          },
          "id": {
            "type": "integer"
          },
          "name": {
            "type": "string"
          }
        },
        "required": [
          "id",
          "name",
          "email"
        ]
      },
      "UserSchema": {
        "type": "object",
        "description": "User model",
        "properties": {
          "createdAt": {
            "type": "string",
            "format": "date-time",
            "description": "Created at"
          },
          "email": {
            "type": "string",
            "description": "User email"
          },
          "id": {
            "type": "integer",
            "description": "User ID"
          },
          "name": {
            "type": "string",
            "description": "User name"
          },
          "updatedAt": {
            "type": "string",
            "format": "date-time",
            "description": "Updated at"
          }
        },
        "required": [
          "id",
          "email",
          "name",
          "createdAt",
          "updatedAt"
        ]
      },
      "UserSummary": {
        "type": "object",
        "description": "Full user model with all fields",
        "properties": {
          "id": {
            "type": "integer"
          },
          "name": {
            "type": "string"
          }
        },
        "required": [
          "id",
          "name"
        ]
      }
    }
  },
  "tags": [
    {
      "name": "error"
    },
    {
      "name": "flatten"
    },
    {
      "name": "form"
    },
    {
      "name": "hello"
    },
    {
      "name": "terms"
    },
    {
      "name": "typed-form"
    },
    {
      "name": "third"
    }
  ]
}
