---
source: examples/axum-example/tests/integration_test.rs
expression: openapi
---
{
  "openapi": "3.1.0",
  "info": {
    "title": "API",
    "version": "1.0.0"
  },
  "servers": [
    {
      "url": "http://localhost:3000"
    }
  ],
  "paths": {
    "/": {
      "get": {
        "operationId": "root_endpoint",
        "responses": {
          "200": {
            "description": "Successful response",
            "content": {
              "application/json": {
                "schema": {
                  "type": "string"
                }
              }
            }
          }
        }
      }
    },
    "/complex-struct-body": {
      "post": {
        "operationId": "mod_file_with_complex_struct_body",
        "requestBody": {
          "required": true,
          "content": {
            "application/json": {
              "schema": {
                "$ref": "#/components/schemas/ComplexStructBody"
              }
            }
          }
        },
        "responses": {
          "200": {
            "description": "Successful response",
            "content": {
              "application/json": {
                "schema": {
                  "type": "string"
                }
              }
            }
          }
        }
      }
    },
    "/complex-struct-body-with-rename": {
      "post": {
        "operationId": "mod_file_with_complex_struct_body_with_rename",
        "requestBody": {
          "required": true,
          "content": {
            "application/json": {
              "schema": {
                "$ref": "#/components/schemas/ComplexStructBodyWithRename"
              }
            }
          }
        },
        "responses": {
          "200": {
            "description": "Successful response",
            "content": {
              "application/json": {
                "schema": {
                  "type": "string"
                }
              }
            }
          }
        }
      }
    },
    "/error": {
      "get": {
        "operationId": "error_endpoint",
        "responses": {
          "200": {
            "description": "Successful response",
            "content": {
              "application/json": {
                "schema": {
                  "type": "string"
                }
              }
            }
          },
          "400": {
            "description": "Error response",
            "content": {
              "application/json": {
                "schema": {
                  "$ref": "#/components/schemas/ErrorResponse"
                }
              }
            }
          }
        }
      }
    },
    "/error/error-with-status": {
      "get": {
        "operationId": "error_endpoint_with_status_code",
        "responses": {
          "200": {
            "description": "Successful response",
            "content": {
              "application/json": {
                "schema": {
                  "type": "string"
                }
              }
            }
          },
          "400": {
            "description": "Error response",
            "content": {
              "application/json": {
                "schema": {
                  "$ref": "#/components/schemas/ErrorResponse"
                }
              }
            }
          }
        }
      }
    },
    "/error/error-with-status2": {
      "get": {
        "operationId": "error_endpoint_with_status_code2",
        "responses": {
          "200": {
            "description": "Successful response",
            "content": {
              "application/json": {
                "schema": {
                  "type": "string"
                }
              }
            }
          },
          "400": {
            "description": "Error response",
            "content": {
              "application/json": {
                "schema": {
                  "$ref": "#/components/schemas/ErrorResponse2"
                }
              }
            }
          },
          "404": {
            "description": "Error response",
            "content": {
              "application/json": {
                "schema": {
                  "$ref": "#/components/schemas/ErrorResponse2"
                }
              }
            }
          },
          "500": {
            "description": "Error response",
            "content": {
              "application/json": {
                "schema": {
                  "$ref": "#/components/schemas/ErrorResponse2"
                }
              }
            }
          }
        }
      }
    },
    "/error/error2": {
      "get": {
        "operationId": "error_endpoint2",
        "responses": {
          "200": {
            "description": "Successful response",
            "content": {
              "application/json": {
                "schema": {
                  "type": "string"
                }
              }
            }
          },
          "400": {
            "description": "Error response",
            "content": {
              "application/json": {
                "schema": {
                  "$ref": "#/components/schemas/ErrorResponse2"
                }
              }
            }
          }
        }
      }
    },
    "/health": {
      "get": {
        "operationId": "health",
        "responses": {
          "200": {
            "description": "Successful response",
            "content": {
              "application/json": {
                "schema": {
                  "type": "string"
                }
              }
            }
          }
        }
      }
    },
    "/hello": {
      "get": {
        "operationId": "mod_file_endpoint",
        "responses": {
          "200": {
            "description": "Successful response",
            "content": {
              "application/json": {
                "schema": {
                  "type": "string"
                }
              }
            }
          }
        }
      }
    },
    "/map-query": {
      "get": {
        "operationId": "mod_file_with_map_query",
        "parameters": [
          {
            "name": "_query",
            "in": "query",
            "required": true,
            "schema": {
              "type": "object"
            }
          }
        ],
        "responses": {
          "200": {
            "description": "Successful response",
            "content": {
              "application/json": {
                "schema": {
                  "type": "string"
                }
              }
            }
          }
        }
      }
    },
    "/path/prefix/{var}": {
      "get": {
        "operationId": "prefix_variable",
        "parameters": [
          {
            "name": "var",
            "in": "path",
            "required": true,
            "schema": {
              "type": "string"
            }
          }
        ],
        "responses": {
          "200": {
            "description": "Successful response",
            "content": {
              "application/json": {
                "schema": {
                  "type": "string"
                }
              }
            }
          }
        }
      }
    },
    "/struct-body": {
      "post": {
        "operationId": "mod_file_with_struct_body",
        "requestBody": {
          "required": true,
          "content": {
            "application/json": {
              "schema": {
                "$ref": "#/components/schemas/StructBody"
              }
            }
          }
        },
        "responses": {
          "200": {
            "description": "Successful response",
            "content": {
              "application/json": {
                "schema": {
                  "type": "string"
                }
              }
            }
          }
        }
      }
    },
    "/struct-body-with-optional": {
      "post": {
        "operationId": "mod_file_with_struct_body_with_optional",
        "requestBody": {
          "required": true,
          "content": {
            "application/json": {
              "schema": {
                "$ref": "#/components/schemas/StructBodyWithOptional"
              }
            }
          }
        },
        "responses": {
          "200": {
            "description": "Successful response",
            "content": {
              "application/json": {
                "schema": {
                  "type": "string"
                }
              }
            }
          }
        }
      }
    },
    "/struct-query": {
      "get": {
        "operationId": "mod_file_with_struct_query",
        "parameters": [
          {
            "name": "query",
            "in": "query",
            "required": true,
            "schema": {
              "$ref": "#/components/schemas/StructQuery"
            }
          }
        ],
        "responses": {
          "200": {
            "description": "Successful response",
            "content": {
              "application/json": {
                "schema": {
                  "type": "string"
                }
              }
            }
          }
        }
      }
    },
    "/users": {
      "get": {
        "operationId": "get_users",
        "responses": {
          "200": {
            "description": "Successful response",
            "content": {
              "application/json": {
                "schema": {
                  "type": "object"
                }
              }
            }
          }
        }
      },
      "post": {
        "operationId": "create_user",
        "requestBody": {
          "required": true,
          "content": {
            "application/json": {
              "schema": {
                "type": "object"
              }
            }
          }
        },
        "responses": {
          "200": {
            "description": "Successful response",
            "content": {
              "application/json": {
                "schema": {
                  "type": "object"
                }
              }
            }
          }
        }
      }
    },
    "/users/{id}": {
      "get": {
        "operationId": "get_user",
        "parameters": [
          {
            "name": "id",
            "in": "path",
            "required": true,
            "schema": {
              "type": "integer"
            }
          }
        ],
        "responses": {
          "200": {
            "description": "Successful response",
            "content": {
              "application/json": {
                "schema": {
                  "type": "object"
                }
              }
            }
          }
        }
      }
    }
  },
  "components": {
    "schemas": {
      "ComplexStructBody": {
        "type": "object",
        "properties": {
          "age": {
            "type": "integer"
          },
          "array": {
            "type": "array",
            "items": {
              "type": "string"
            }
          },
          "map": {
            "type": "object"
          },
          "name": {
            "type": "string"
          },
          "nested_array": {
            "type": "array",
            "items": {
              "$ref": "#/components/schemas/StructBodyWithOptional"
            }
          },
          "nested_map": {
            "type": "object"
          },
          "nested_struct": {
            "$ref": "#/components/schemas/StructBodyWithOptional"
          },
          "nested_struct_array": {
            "type": "array",
            "items": {
              "$ref": "#/components/schemas/StructBodyWithOptional"
            }
          },
          "nested_struct_array_map": {
            "type": "array",
            "items": {
              "type": "object"
            }
          },
          "nested_struct_map": {
            "type": "object"
          },
          "nested_struct_map_array": {
            "type": "object"
          }
        },
        "required": [
          "name",
          "age",
          "nested_struct",
          "array",
          "map",
          "nested_array",
          "nested_map",
          "nested_struct_array",
          "nested_struct_map",
          "nested_struct_array_map",
          "nested_struct_map_array"
        ]
      },
      "ComplexStructBodyWithRename": {
        "type": "object",
        "properties": {
          "age": {
            "type": "integer"
          },
          "array": {
            "type": "array",
            "items": {
              "type": "string"
            }
          },
          "map": {
            "type": "object"
          },
          "name": {
            "type": "string"
          },
          "nestedArray": {
            "type": "array",
            "items": {
              "$ref": "#/components/schemas/StructBodyWithOptional"
            }
          },
          "nestedMap": {
            "type": "object"
          },
          "nestedStruct": {
            "$ref": "#/components/schemas/StructBodyWithOptional"
          },
          "nestedStructArray": {
            "type": "array",
            "items": {
              "$ref": "#/components/schemas/StructBodyWithOptional"
            }
          },
          "nestedStructArrayMap": {
            "type": "array",
            "items": {
              "type": "object"
            }
          },
          "nestedStructMap": {
            "type": "object"
          },
          "nestedStructMapArray": {
            "type": "object"
          }
        },
        "required": [
          "name",
          "age",
          "nestedStruct",
          "array",
          "map",
          "nestedArray",
          "nestedMap",
          "nestedStructArray",
          "nestedStructMap",
          "nestedStructArrayMap",
          "nestedStructMapArray"
        ]
      },
      "ErrorResponse": {
        "type": "object",
        "properties": {
          "code": {
            "type": "integer"
          },
          "error": {
            "type": "string"
          }
        },
        "required": [
          "error",
          "code"
        ]
      },
      "ErrorResponse2": {
        "type": "object",
        "properties": {
          "code": {
            "type": "integer"
          },
          "error": {
            "type": "string"
          }
        },
        "required": [
          "error",
          "code"
        ]
      },
      "StructBody": {
        "type": "object",
        "properties": {
          "age": {
            "type": "integer"
          },
          "name": {
            "type": "string"
          }
        },
        "required": [
          "name",
          "age"
        ]
      },
      "StructBodyWithOptional": {
        "type": "object",
        "properties": {
          "age": {
            "type": "integer",
            "nullable": true
          },
          "name": {
            "type": "string",
            "nullable": true
          }
        }
      },
      "StructQuery": {
        "type": "object",
        "properties": {
          "age": {
            "type": "integer"
          },
          "name": {
            "type": "string"
          }
        },
        "required": [
          "name",
          "age"
        ]
      }
    }
  }
}
