// Bun Snapshot v1, https://bun.sh/docs/test/snapshots

exports[`HomePage should render 1`] = `
"<div>
  <script>
    (function (){document.documentElement.setAttribute('data-theme',localStorage.getItem('__DF_THEME_SELECTED__')||(true&&window.matchMedia('(prefers-color-scheme:dark)').matches?'dark':'default'));})()
  </script>
</div>"
`;

exports[`HomePage should render 2`] = `
"<div class="background-0-red--255 color-0-white--255">
  HomePage
</div>"
`;
