---
source: crates/vespera_macro/src/parser/schema/enum_schema.rs
expression: schema
---
Schema {
    ref_path: None,
    schema_type: Some(
        String,
    ),
    format: None,
    title: None,
    description: None,
    default: None,
    example: None,
    examples: None,
    minimum: None,
    maximum: None,
    exclusive_minimum: None,
    exclusive_maximum: None,
    multiple_of: None,
    min_length: None,
    max_length: None,
    pattern: None,
    items: None,
    prefix_items: None,
    min_items: None,
    max_items: None,
    unique_items: None,
    properties: None,
    required: None,
    additional_properties: None,
    min_properties: None,
    max_properties: None,
    enum: Some(
        [
            String("ok-status"),
            String("error-code"),
        ],
    ),
    all_of: None,
    any_of: None,
    one_of: None,
    not: None,
    discriminator: None,
    nullable: None,
    read_only: None,
    write_only: None,
    external_docs: None,
    defs: None,
    dynamic_anchor: None,
    dynamic_ref: None,
}
