---
source: crates/vespera_macro/src/parser/schema/enum_schema.rs
expression: schema
---
Schema {
    ref_path: None,
    schema_type: None,
    format: None,
    title: None,
    description: None,
    default: None,
    example: None,
    examples: None,
    minimum: None,
    maximum: None,
    exclusive_minimum: None,
    exclusive_maximum: None,
    multiple_of: None,
    min_length: None,
    max_length: None,
    pattern: None,
    items: None,
    prefix_items: None,
    min_items: None,
    max_items: None,
    unique_items: None,
    properties: None,
    required: None,
    additional_properties: None,
    min_properties: None,
    max_properties: None,
    enum: None,
    all_of: None,
    any_of: None,
    one_of: Some(
        [
            Inline(
                Schema {
                    ref_path: None,
                    schema_type: Some(
                        Object,
                    ),
                    format: None,
                    title: None,
                    description: None,
                    default: None,
                    example: None,
                    examples: None,
                    minimum: None,
                    maximum: None,
                    exclusive_minimum: None,
                    exclusive_maximum: None,
                    multiple_of: None,
                    min_length: None,
                    max_length: None,
                    pattern: None,
                    items: None,
                    prefix_items: None,
                    min_items: None,
                    max_items: None,
                    unique_items: None,
                    properties: Some(
                        {
                            "data": Inline(
                                Schema {
                                    ref_path: None,
                                    schema_type: Some(
                                        Object,
                                    ),
                                    format: None,
                                    title: None,
                                    description: None,
                                    default: None,
                                    example: None,
                                    examples: None,
                                    minimum: None,
                                    maximum: None,
                                    exclusive_minimum: None,
                                    exclusive_maximum: None,
                                    multiple_of: None,
                                    min_length: None,
                                    max_length: None,
                                    pattern: None,
                                    items: None,
                                    prefix_items: None,
                                    min_items: None,
                                    max_items: None,
                                    unique_items: None,
                                    properties: Some(
                                        {
                                            "items": Inline(
                                                Schema {
                                                    ref_path: None,
                                                    schema_type: Some(
                                                        Array,
                                                    ),
                                                    format: None,
                                                    title: None,
                                                    description: None,
                                                    default: None,
                                                    example: None,
                                                    examples: None,
                                                    minimum: None,
                                                    maximum: None,
                                                    exclusive_minimum: None,
                                                    exclusive_maximum: None,
                                                    multiple_of: None,
                                                    min_length: None,
                                                    max_length: None,
                                                    pattern: None,
                                                    items: Some(
                                                        Inline(
                                                            Schema {
                                                                ref_path: None,
                                                                schema_type: Some(
                                                                    String,
                                                                ),
                                                                format: None,
                                                                title: None,
                                                                description: None,
                                                                default: None,
                                                                example: None,
                                                                examples: None,
                                                                minimum: None,
                                                                maximum: None,
                                                                exclusive_minimum: None,
                                                                exclusive_maximum: None,
                                                                multiple_of: None,
                                                                min_length: None,
                                                                max_length: None,
                                                                pattern: None,
                                                                items: None,
                                                                prefix_items: None,
                                                                min_items: None,
                                                                max_items: None,
                                                                unique_items: None,
                                                                properties: None,
                                                                required: None,
                                                                additional_properties: None,
                                                                min_properties: None,
                                                                max_properties: None,
                                                                enum: None,
                                                                all_of: None,
                                                                any_of: None,
                                                                one_of: None,
                                                                not: None,
                                                                discriminator: None,
                                                                nullable: None,
                                                                read_only: None,
                                                                write_only: None,
                                                                external_docs: None,
                                                                defs: None,
                                                                dynamic_anchor: None,
                                                                dynamic_ref: None,
                                                            },
                                                        ),
                                                    ),
                                                    prefix_items: None,
                                                    min_items: None,
                                                    max_items: None,
                                                    unique_items: None,
                                                    properties: None,
                                                    required: None,
                                                    additional_properties: None,
                                                    min_properties: None,
                                                    max_properties: None,
                                                    enum: None,
                                                    all_of: None,
                                                    any_of: None,
                                                    one_of: None,
                                                    not: None,
                                                    discriminator: None,
                                                    nullable: None,
                                                    read_only: None,
                                                    write_only: None,
                                                    external_docs: None,
                                                    defs: None,
                                                    dynamic_anchor: None,
                                                    dynamic_ref: None,
                                                },
                                            ),
                                        },
                                    ),
                                    required: Some(
                                        [
                                            "items",
                                        ],
                                    ),
                                    additional_properties: None,
                                    min_properties: None,
                                    max_properties: None,
                                    enum: None,
                                    all_of: None,
                                    any_of: None,
                                    one_of: None,
                                    not: None,
                                    discriminator: None,
                                    nullable: None,
                                    read_only: None,
                                    write_only: None,
                                    external_docs: None,
                                    defs: None,
                                    dynamic_anchor: None,
                                    dynamic_ref: None,
                                },
                            ),
                            "type": Inline(
                                Schema {
                                    ref_path: None,
                                    schema_type: Some(
                                        String,
                                    ),
                                    format: None,
                                    title: None,
                                    description: None,
                                    default: None,
                                    example: None,
                                    examples: None,
                                    minimum: None,
                                    maximum: None,
                                    exclusive_minimum: None,
                                    exclusive_maximum: None,
                                    multiple_of: None,
                                    min_length: None,
                                    max_length: None,
                                    pattern: None,
                                    items: None,
                                    prefix_items: None,
                                    min_items: None,
                                    max_items: None,
                                    unique_items: None,
                                    properties: None,
                                    required: None,
                                    additional_properties: None,
                                    min_properties: None,
                                    max_properties: None,
                                    enum: Some(
                                        [
                                            String("Success"),
                                        ],
                                    ),
                                    all_of: None,
                                    any_of: None,
                                    one_of: None,
                                    not: None,
                                    discriminator: None,
                                    nullable: None,
                                    read_only: None,
                                    write_only: None,
                                    external_docs: None,
                                    defs: None,
                                    dynamic_anchor: None,
                                    dynamic_ref: None,
                                },
                            ),
                        },
                    ),
                    required: Some(
                        [
                            "type",
                            "data",
                        ],
                    ),
                    additional_properties: None,
                    min_properties: None,
                    max_properties: None,
                    enum: None,
                    all_of: None,
                    any_of: None,
                    one_of: None,
                    not: None,
                    discriminator: None,
                    nullable: None,
                    read_only: None,
                    write_only: None,
                    external_docs: None,
                    defs: None,
                    dynamic_anchor: None,
                    dynamic_ref: None,
                },
            ),
            Inline(
                Schema {
                    ref_path: None,
                    schema_type: Some(
                        Object,
                    ),
                    format: None,
                    title: None,
                    description: None,
                    default: None,
                    example: None,
                    examples: None,
                    minimum: None,
                    maximum: None,
                    exclusive_minimum: None,
                    exclusive_maximum: None,
                    multiple_of: None,
                    min_length: None,
                    max_length: None,
                    pattern: None,
                    items: None,
                    prefix_items: None,
                    min_items: None,
                    max_items: None,
                    unique_items: None,
                    properties: Some(
                        {
                            "data": Inline(
                                Schema {
                                    ref_path: None,
                                    schema_type: Some(
                                        Object,
                                    ),
                                    format: None,
                                    title: None,
                                    description: None,
                                    default: None,
                                    example: None,
                                    examples: None,
                                    minimum: None,
                                    maximum: None,
                                    exclusive_minimum: None,
                                    exclusive_maximum: None,
                                    multiple_of: None,
                                    min_length: None,
                                    max_length: None,
                                    pattern: None,
                                    items: None,
                                    prefix_items: None,
                                    min_items: None,
                                    max_items: None,
                                    unique_items: None,
                                    properties: Some(
                                        {
                                            "code": Inline(
                                                Schema {
                                                    ref_path: None,
                                                    schema_type: Some(
                                                        Integer,
                                                    ),
                                                    format: None,
                                                    title: None,
                                                    description: None,
                                                    default: None,
                                                    example: None,
                                                    examples: None,
                                                    minimum: None,
                                                    maximum: None,
                                                    exclusive_minimum: None,
                                                    exclusive_maximum: None,
                                                    multiple_of: None,
                                                    min_length: None,
                                                    max_length: None,
                                                    pattern: None,
                                                    items: None,
                                                    prefix_items: None,
                                                    min_items: None,
                                                    max_items: None,
                                                    unique_items: None,
                                                    properties: None,
                                                    required: None,
                                                    additional_properties: None,
                                                    min_properties: None,
                                                    max_properties: None,
                                                    enum: None,
                                                    all_of: None,
                                                    any_of: None,
                                                    one_of: None,
                                                    not: None,
                                                    discriminator: None,
                                                    nullable: None,
                                                    read_only: None,
                                                    write_only: None,
                                                    external_docs: None,
                                                    defs: None,
                                                    dynamic_anchor: None,
                                                    dynamic_ref: None,
                                                },
                                            ),
                                            "message": Inline(
                                                Schema {
                                                    ref_path: None,
                                                    schema_type: Some(
                                                        String,
                                                    ),
                                                    format: None,
                                                    title: None,
                                                    description: None,
                                                    default: None,
                                                    example: None,
                                                    examples: None,
                                                    minimum: None,
                                                    maximum: None,
                                                    exclusive_minimum: None,
                                                    exclusive_maximum: None,
                                                    multiple_of: None,
                                                    min_length: None,
                                                    max_length: None,
                                                    pattern: None,
                                                    items: None,
                                                    prefix_items: None,
                                                    min_items: None,
                                                    max_items: None,
                                                    unique_items: None,
                                                    properties: None,
                                                    required: None,
                                                    additional_properties: None,
                                                    min_properties: None,
                                                    max_properties: None,
                                                    enum: None,
                                                    all_of: None,
                                                    any_of: None,
                                                    one_of: None,
                                                    not: None,
                                                    discriminator: None,
                                                    nullable: None,
                                                    read_only: None,
                                                    write_only: None,
                                                    external_docs: None,
                                                    defs: None,
                                                    dynamic_anchor: None,
                                                    dynamic_ref: None,
                                                },
                                            ),
                                        },
                                    ),
                                    required: Some(
                                        [
                                            "code",
                                            "message",
                                        ],
                                    ),
                                    additional_properties: None,
                                    min_properties: None,
                                    max_properties: None,
                                    enum: None,
                                    all_of: None,
                                    any_of: None,
                                    one_of: None,
                                    not: None,
                                    discriminator: None,
                                    nullable: None,
                                    read_only: None,
                                    write_only: None,
                                    external_docs: None,
                                    defs: None,
                                    dynamic_anchor: None,
                                    dynamic_ref: None,
                                },
                            ),
                            "type": Inline(
                                Schema {
                                    ref_path: None,
                                    schema_type: Some(
                                        String,
                                    ),
                                    format: None,
                                    title: None,
                                    description: None,
                                    default: None,
                                    example: None,
                                    examples: None,
                                    minimum: None,
                                    maximum: None,
                                    exclusive_minimum: None,
                                    exclusive_maximum: None,
                                    multiple_of: None,
                                    min_length: None,
                                    max_length: None,
                                    pattern: None,
                                    items: None,
                                    prefix_items: None,
                                    min_items: None,
                                    max_items: None,
                                    unique_items: None,
                                    properties: None,
                                    required: None,
                                    additional_properties: None,
                                    min_properties: None,
                                    max_properties: None,
                                    enum: Some(
                                        [
                                            String("Error"),
                                        ],
                                    ),
                                    all_of: None,
                                    any_of: None,
                                    one_of: None,
                                    not: None,
                                    discriminator: None,
                                    nullable: None,
                                    read_only: None,
                                    write_only: None,
                                    external_docs: None,
                                    defs: None,
                                    dynamic_anchor: None,
                                    dynamic_ref: None,
                                },
                            ),
                        },
                    ),
                    required: Some(
                        [
                            "type",
                            "data",
                        ],
                    ),
                    additional_properties: None,
                    min_properties: None,
                    max_properties: None,
                    enum: None,
                    all_of: None,
                    any_of: None,
                    one_of: None,
                    not: None,
                    discriminator: None,
                    nullable: None,
                    read_only: None,
                    write_only: None,
                    external_docs: None,
                    defs: None,
                    dynamic_anchor: None,
                    dynamic_ref: None,
                },
            ),
            Inline(
                Schema {
                    ref_path: None,
                    schema_type: Some(
                        Object,
                    ),
                    format: None,
                    title: None,
                    description: None,
                    default: None,
                    example: None,
                    examples: None,
                    minimum: None,
                    maximum: None,
                    exclusive_minimum: None,
                    exclusive_maximum: None,
                    multiple_of: None,
                    min_length: None,
                    max_length: None,
                    pattern: None,
                    items: None,
                    prefix_items: None,
                    min_items: None,
                    max_items: None,
                    unique_items: None,
                    properties: Some(
                        {
                            "type": Inline(
                                Schema {
                                    ref_path: None,
                                    schema_type: Some(
                                        String,
                                    ),
                                    format: None,
                                    title: None,
                                    description: None,
                                    default: None,
                                    example: None,
                                    examples: None,
                                    minimum: None,
                                    maximum: None,
                                    exclusive_minimum: None,
                                    exclusive_maximum: None,
                                    multiple_of: None,
                                    min_length: None,
                                    max_length: None,
                                    pattern: None,
                                    items: None,
                                    prefix_items: None,
                                    min_items: None,
                                    max_items: None,
                                    unique_items: None,
                                    properties: None,
                                    required: None,
                                    additional_properties: None,
                                    min_properties: None,
                                    max_properties: None,
                                    enum: Some(
                                        [
                                            String("Empty"),
                                        ],
                                    ),
                                    all_of: None,
                                    any_of: None,
                                    one_of: None,
                                    not: None,
                                    discriminator: None,
                                    nullable: None,
                                    read_only: None,
                                    write_only: None,
                                    external_docs: None,
                                    defs: None,
                                    dynamic_anchor: None,
                                    dynamic_ref: None,
                                },
                            ),
                        },
                    ),
                    required: Some(
                        [
                            "type",
                        ],
                    ),
                    additional_properties: None,
                    min_properties: None,
                    max_properties: None,
                    enum: None,
                    all_of: None,
                    any_of: None,
                    one_of: None,
                    not: None,
                    discriminator: None,
                    nullable: None,
                    read_only: None,
                    write_only: None,
                    external_docs: None,
                    defs: None,
                    dynamic_anchor: None,
                    dynamic_ref: None,
                },
            ),
        ],
    ),
    not: None,
    discriminator: Some(
        Discriminator {
            property_name: "type",
            mapping: None,
        },
    ),
    nullable: None,
    read_only: None,
    write_only: None,
    external_docs: None,
    defs: None,
    dynamic_anchor: None,
    dynamic_ref: None,
}
